emp_id|org_chart
1|Amina Hassan (CEO)
2|    Brian Otieno (VP Engineering)
7|        Grace Wanjiru (Engineering Manager)
14|            Nia Njeri (Software Engineer)
15|            Omar Farouk (Software Engineer)
16|            Priya Nair (QA Engineer)
8|        Hassan Ali (Engineering Manager)
17|            Quentin Dube (DevOps Engineer)
18|            Rita Kamau (Backend Developer)
3|    Carla Mendes (VP Sales)
9|        Irene Achieng (Sales Manager)
19|            Samuel Okoth (Account Executive)
20|            Tina Wambui (Account Executive)
10|        James Mwangi (Sales Manager)
21|            Umar Bello (Sales Rep)
22|            Vera Lindqvist (Sales Rep)
4|    David Kimani (VP Finance)
11|        Kofi Mensah (Finance Manager)
23|            Wanjiku Kariuki (Accountant)
24|            Xavier Mutua (Financial Analyst)
5|    Elena Petrova (VP HR)
12|        Lina Schmidt (HR Manager)
25|            Yara Haddad (Recruiter)
6|    Farid Rahman (VP Data & Analytics)
13|        Mohamed Yusuf (Data Manager)
26|            Zane Ochieng (Senior Data Analyst)
30|                Daniel Kiprop (Junior Analyst)
27|            Abena Boateng (Data Engineer)
28|            Bilal Chaudhry (BI Developer)
29|            Chipo Moyo (Data Analyst)
(30 rows)
